<html>
<body>
<pre>
<h1>µVision Build Log</h1>
<h2>Project:</h2>
E:\Elink407\ELink407\source\»ù´¡ÊµÑé\project\11_uart\MDK\uart.uvproj
Project File Date:  04/21/2015

<h2>Output:</h2>
Build target 'uart'
assembling startup_stm32f40xx.s...
compiling system_stm32f4xx.c...
compiling misc.c...
compiling stm32f4xx_exti.c...
compiling stm32f4xx_gpio.c...
compiling stm32f4xx_rcc.c...
compiling stm32f4xx_syscfg.c...
compiling stm32f4xx_tim.c...
compiling stm32f4xx_usart.c...
compiling uart.c...
compiling main.c...
linking...
Program Size: Code=5920 RO-data=720 RW-data=48 ZI-data=1024  
FromELF: creating hex file...
".\obj\firstPrj.axf" - 0 Error(s), 0 Warning(s).
Clean started: Project: 'uart'
   deleting intermediate output files for target 'uart'
</pre>
</body>
</html>
