<html>
<body>
<pre>
<h1>µVision Build Log</h1>
<h2>Project:</h2>
E:\Elink407\ELink407\source\»ù´¡ÊµÑé\project\20_RTC\MDK\project.uvproj
Project File Date:  04/22/2015

<h2>Output:</h2>
Build target 'project'
assembling startup_stm32f40_41xxx.s...
compiling system_stm32f4xx.c...
compiling stm32f4xx_it.c...
compiling stm32f4xx_gpio.c...
compiling stm32f4xx_rcc.c...
compiling misc.c...
compiling stm32f4xx_usart.c...
compiling stm32f4xx_rtc.c...
compiling stm32f4xx_pwr.c...
compiling stm32f4xx_exti.c...
compiling delay.c...
compiling rtc.c...
compiling uart.c...
compiling main.c...
linking...
Program Size: Code=10800 RO-data=432 RW-data=44 ZI-data=16388  
FromELF: creating hex file...
".\obj\project.axf" - 0 Error(s), 0 Warning(s).
Clean started: Project: 'project'
   deleting intermediate output files for target 'project'
</pre>
</body>
</html>
