<html>
<body>
<pre>
<h1>µVision Build Log</h1>
<h2>Project:</h2>
E:\Elink407\ELink407\source\»ù´¡ÊµÑé\project\25_LCD _font\MDK\lcd.uvproj
Project File Date:  04/22/2015

<h2>Output:</h2>
Build target 'lcd_font'
compiling stm32f4xx_it.c...
compiling system_stm32f4xx.c...
assembling startup_stm32f40_41xxx.s...
compiling stm32f4xx_gpio.c...
compiling stm32f4xx_rcc.c...
compiling stm32f4xx_exti.c...
compiling stm32f4xx_syscfg.c...
compiling misc.c...
compiling stm32f4xx_usart.c...
compiling stm32f4xx_fsmc.c...
compiling led.c...
compiling button_noexti.c...
compiling uart.c...
compiling delay.c...
compiling lcd.c...
compiling main.c...
compiling font.c...
assembling font_data.s...
linking...
Program Size: Code=7692 RO-data=272324 RW-data=40 ZI-data=16384  
FromELF: creating hex file...
".\obj\lcd_font.axf" - 0 Error(s), 0 Warning(s).
Clean started: Project: 'lcd'
   deleting intermediate output files for target 'lcd_font'
</pre>
</body>
</html>
