<html>
<body>
<pre>
<h1>µVision Build Log</h1>
<h2>Project:</h2>
E:\Elink407\ELink407\source\»ù´¡ÊµÑé\project\28_WakeUp\MDK\WAKEUP.uvproj
Project File Date:  04/22/2015

<h2>Output:</h2>
Build target 'WAKEUP'
compiling stm32f4xx_it.c...
compiling system_stm32f4xx.c...
assembling startup_stm32f40_41xxx.s...
compiling stm32f4xx_gpio.c...
compiling stm32f4xx_rcc.c...
compiling stm32f4xx_exti.c...
compiling stm32f4xx_syscfg.c...
compiling misc.c...
compiling stm32f4xx_usart.c...
compiling wakeup.c...
compiling stm32f4xx_pwr.c...
compiling led.c...
compiling button_noexti.c...
compiling uart.c...
compiling delay.c...
compiling wakeup.c...
compiling main.c...
linking...
.\obj\wakeup.axf: Warning: L6304W: Duplicate input file .\obj\wakeup.o ignored.
Program Size: Code=6004 RO-data=424 RW-data=44 ZI-data=16388  
Finished: 0 information, 1 warning and 0 error messages.
FromELF: creating hex file...
".\obj\wakeup.axf" - 0 Error(s), 1 Warning(s).
Clean started: Project: 'WAKEUP'
   deleting intermediate output files for target 'WAKEUP'
</pre>
</body>
</html>
