<html>
<body>
<pre>
<h1>µVision Build Log</h1>
<h2>Project:</h2>
E:\Elink407\ELink407\source\»ù´¡ÊµÑé\project\12_uart_DMA\MDK\uart_DMA.uvproj
Project File Date:  08/24/2015

<h2>Output:</h2>
Build target 'uart_DMA'
compiling system_stm32f4xx.c...
compiling misc.c...
compiling stm32f4xx_exti.c...
compiling stm32f4xx_gpio.c...
compiling stm32f4xx_rcc.c...
compiling stm32f4xx_syscfg.c...
compiling stm32f4xx_usart.c...
compiling stm32f4xx_dma.c...
compiling uart.c...
compiling main.c...
linking...
Program Size: Code=7116 RO-data=788 RW-data=48 ZI-data=1024  
FromELF: creating hex file...
".\obj\uart_DMA.axf" - 0 Error(s), 0 Warning(s).
Clean started: Project: 'uart_DMA'
   deleting intermediate output files for target 'uart_DMA'
</pre>
</body>
</html>
(s), 0 Warning(s).
Target not created
