<html>
<body>
<pre>
<h1>礦ision Build Log</h1>
<h2>Project:</h2>
E:\Elink407\ELink407\source\基础实验\project\19_SPI\MDK\project.uvproj
Project File Date:  04/21/2015

<h2>Output:</h2>
Build target 'project'
assembling startup_stm32f40_41xxx.s...
compiling system_stm32f4xx.c...
compiling stm32f4xx_gpio.c...
compiling stm32f4xx_rcc.c...
compiling misc.c...
compiling stm32f4xx_usart.c...
compiling stm32f4xx_spi.c...
compiling stm32f4xx_flash.c...
compiling delay.c...
compiling sst25vf.c...
compiling uart.c...
compiling main.c...
linking...
Program Size: Code=9140 RO-data=424 RW-data=56 ZI-data=16408  
FromELF: creating hex file...
".\obj\project.axf" - 0 Error(s), 0 Warning(s).
Load "E:\\Elink407\\ELink407\\source\\基础实验\\project\\19_SPI\\MDK\\obj\\project.axf" 
Erase Done.
Programming Done.
Verify OK.
Application running ...
</pre>
</body>
</html>
