<html>
<body>
<pre>
<h1>礦ision Build Log</h1>
<h2>Project:</h2>
E:\Elink407\ELink407\source\基础实验\project\14_NVIC\MDK\NVIC.uvproj
Project File Date:  03/30/2015

<h2>Output:</h2>
Build target 'NVIC'
compiling main.c...
linking...
Program Size: Code=6800 RO-data=424 RW-data=48 ZI-data=1024  
FromELF: creating hex file...
".\obj\NVIC.axf" - 0 Error(s), 0 Warning(s).
Load "E:\\Elink407\\ELink407\\source\\基础实验\\project\\14_NVIC\\MDK\\obj\\NVIC.axf" 
Erase Done.
Programming Done.
Verify OK.
Clean started: Project: 'NVIC'
   deleting intermediate output files for target 'NVIC'
Clean started: Project: 'NVIC'
   deleting intermediate output files for target 'NVIC'
</pre>
</body>
</html>
L has been cancelled
Load "E:\\Elink407\\ELink407\\source\\基础实验\\project\\14_NVIC\\MDK\\obj\\NVIC.axf" 
Error: Flash Download failed  -  Target DLL has been cancelled
Load "E:\\Elink407\\ELink407\\source\\基础实验\\project\\14_NVIC\\MDK\\obj\\NVIC.axf" 
Error: Flash Download failed  -  Target DLL has been cancelled
Load "E:\\Elink407\\ELink407\\source\\基础实验\\project\\14_NVIC\\MDK\\obj\\NVIC.axf" 
Error: Flash Download failed  -  Target DLL has been cancelled
Load "E:\\Elink407\\ELink407\\source\\基础实验\\project\\14_NVIC\\MDK\\obj\\NVIC.axf" 
Error: Flash Download failed  -  Target DLL has been cancelled
Load "E:\\Elink407\\ELink407\\source\\基础实验\\project\\14_NVIC\\MDK\\obj\\NVIC.axf" 
Error: Flash Download failed  -  Target DLL has been cancelled
Load "E:\\Elink407\\ELink407\\source\\基础实验\\project\\14_NVIC\\MDK\\obj\\NVIC.axf" 
Error: Flash Download failed  -  Target DLL has been cancelled
Load "E:\\Elink407\\ELink407\\source\\基础实验\\project\\14_NVIC\\MDK\\obj\\NVIC.axf" 
Error: Flash Download failed  -  Target DLL has been cancelled
Load "E:\\Elink407\\ELink407\\source\\基础实验\\project\\14_NVIC\\MDK\\obj\\NVIC.axf" 
Error: Flash Download failed  -  Target DLL has been cancelled
Load "E:\\Elink407\\ELink407\\source\\基础实验\\project\\14_NVIC\\MDK\\obj\\NVIC.axf" 
Error: Flash Download failed  -  Target DLL has been cancelled
Load "E:\\Elink407\\ELink407\\source\\基础实验\\project\\14_NVIC\\MDK\\obj\\NVIC.axf" 
Error: Flash Download failed  -  Target DLL has been cancelled
Load "E:\\Elink407\\ELink407\\source\\基础实验\\project\\14_NVIC\\MDK\\obj\\NVIC.axf" 
Error: Flash Download failed  -  Target DLL has been cancelled
Load "E:\\Elink407\\ELink407\\source\\基础实验\\project\\14_NVIC\\MDK\\obj\\NVIC.axf" 
No Algorithm found for: 08000000H - 08001BAFH
Erase skipped!
Error: Flash Download failed  -  "Cortex-M4"
Load "E:\\Elink407\\ELink407\\source\\基础实验\\project\\14_NVIC\\MDK\\obj\\NVIC.axf" 
No Algorithm found for: 08000000H - 08001BAFH
Erase skipped!
Error: Flash Download failed  -  "Cortex-M4"
Load "E:\\Elink407\\ELink407\\source\\基础实验\\project\\14_NVIC\\MDK\\obj\\NVIC.axf" 
Erase Done.
Programming Done.
Verify OK.
sKeyDown4(void) {if ((GPIO_PORT_K4->IDR & GPIO_PIN_K4) == 0) return 1;else return 0;}
user\bsp_key.c(129): error:  #20: identifier "GPIO_Pin_2" is undefined
        static uint8_t IsKeyDown4(void) {if ((GPIO_PORT_K4->IDR & GPIO_PIN_K4) == 0) return 1;else return 0;}
user\bsp_key.c(130): error:  #757: variable "uint8_t" is not a type name
        static uint8_t IsKeyDown5(void) {if ((GPIO_PORT_K5->IDR & GPIO_PIN_K5) == 0) return 1;else return 0;}
user\bsp_key.c(130): error:  #20: identifier "GPIOH" is undefined
        static uint8_t IsKeyDown5(void) {if ((GPIO_PORT_K5->IDR & GPIO_PIN_K5) == 0) return 1;else return 0;}
user\bsp_key.c(130): error:  #20: identifier "GPIO_Pin_3" is undefined
        static uint8_t IsKeyDown5(void) {if ((GPIO_PORT_K5->IDR & GPIO_PIN_K5) == 0) return 1;else return 0;}
user\bsp_key.c(131): error:  #757: variable "uint8_t" is not a type name
        static uint8_t IsKeyDown6(void) {if ((GPIO_PORT_K6->IDR & GPIO_PIN_K6) == 0) return 1;else return 0;}
user\bsp_key.c(131): error:  #20: identifier "GPIOF" is undefined
        static uint8_t IsKeyDown6(void) {if ((GPIO_PORT_K6->IDR & GPIO_PIN_K6) == 0) return 1;else return 0;}
user\bsp_key.c(131): error:  #20: identifier "GPIO_Pin_11" is undefined
        static uint8_t IsKeyDown6(void) {if ((GPIO_PORT_K6->IDR & GPIO_PIN_K6) == 0) return 1;else return 0;}
user\bsp_key.c(132): error:  #757: variable "uint8_t" is not a type name
        static uint8_t IsKeyDown7(void) {if ((GPIO_PORT_K7->IDR & GPIO_PIN_K7) == 0) return 1;else return 0;}
user\bsp_key.c(132): error:  #20: identifier "GPIOG" is undefined
        static uint8_t IsKeyDown7(void) {if ((GPIO_PORT_K7->IDR & GPIO_PIN_K7) == 0) return 1;else return 0;}
user\bsp_key.c(132): error:  #20: identifier "GPIO_Pin_7" is undefined
        static uint8_t IsKeyDown7(void) {if ((GPIO_PORT_K7->IDR & GPIO_PIN_K7) == 0) return 1;else return 0;}
user\bsp_key.c(133): error:  #757: variable "uint8_t" is not a type name
        static uint8_t IsKeyDown8(void) {if ((GPIO_PORT_K8->IDR & GPIO_PIN_K8) == 0) return 1;else return 0;}
user\bsp_key.c(133): error:  #20: identifier "GPIOH" is undefined
        static uint8_t IsKeyDown8(void) {if ((GPIO_PORT_K8->IDR & GPIO_PIN_K8) == 0) return 1;else return 0;}
user\bsp_key.c: 0 warnings, 30 errors
compiling main.c...
user\bsp_key.h(87): error:  #79: expected a type specifier
        uint8_t (*IsKeyDownFunc)(void); /* 按键按下的判断函数,1表示按下 */
user\bsp_key.h(87): error:  #90: function returning function is not allowed
        uint8_t (*IsKeyDownFunc)(void); /* 按键按下的判断函数,1表示按下 */
user\bsp_key.h(87): error:  #168: a function type is not allowed here
        uint8_t (*IsKeyDownFunc)(void); /* 按键按下的判断函数,1表示按下 */
user\bsp_key.h(89): error:  #20: identifier "uint8_t" is undefined
        uint8_t  Count;                 /* 滤波器计数器 */
user\bsp_key.h(90): error:  #20: identifier "uint16_t" is undefined
        uint16_t LongCount;             /* 长按计数器 */
user\bsp_key.h(91): error:  #20: identifier "uint16_t" is undefined
        uint16_t LongTime;              /* 按键按下持续时间, 0表示不检测长按 */
user\bsp_key.h(92): error:  #20: identifier "uint8_t" is undefined
        uint8_t  State;                 /* 按键当前状态（按下还是弹起） */
user\bsp_key.h(93): error:  #20: identifier "uint8_t" is undefined
        uint8_t  RepeatSpeed;   /* 连续按键周期 */
user\bsp_key.h(94): error:  #20: identifier "uint8_t" is undefined
        uint8_t  RepeatCount;   /* 连续按键计数器 */
user\bsp_key.h(154): error:  #20: identifier "uint8_t" is undefined
        uint8_t Buf[KEY_FIFO_SIZE];             /* 键值缓冲区 */
user\bsp_key.h(155): error:  #20: identifier "uint8_t" is undefined
        uint8_t Read;                                   /* 缓冲区读指针1 */
user\bsp_key.h(156): error:  #20: identifier "uint8_t" is undefined
        uint8_t Write;                                  /* 缓冲区写指针 */
user\bsp_key.h(157): error:  #20: identifier "uint8_t" is undefined
        uint8_t Read2;                                  /* 缓冲区读指针2 */
user\bsp_key.h(163): error:  #20: identifier "uint8_t" is undefined
  void bsp_PutKey(uint8_t _KeyCode);
user\bsp_key.h(164): error:  #20: identifier "uint8_t" is undefined
  uint8_t bsp_GetKey(void);
user\bsp_key.h(165): error:  #20: identifier "uint8_t" is undefined
  uint8_t bsp_GetKey2(void);
user\bsp_key.h(166): error:  #20: identifier "uint8_t" is undefined
  uint8_t bsp_GetKeyState(KEY_ID_E _ucKeyID);
user\bsp_key.h(167): error:  #20: identifier "uint8_t" is undefined
  void bsp_SetKeyParam(uint8_t _ucKeyID, uint16_t _LongTime, uint8_t  _RepeatSpeed);
user\bsp_key.h(167): error:  #20: identifier "uint16_t" is undefined
  void bsp_SetKeyParam(uint8_t _ucKeyID, uint16_t _LongTime, uint8_t  _RepeatSpeed);
user\bsp_key.h(167): error:  #20: identifier "uint8_t" is undefined
  void bsp_SetKeyParam(uint8_t _ucKeyID, uint16_t _LongTime, uint8_t  _RepeatSpeed);
user\main.c(26): warning:  #223-D: function "init_uart" declared implicitly
        init_uart();    /* 初始化串口 */
user\main.c(27): warning:  #223-D: function "init_button" declared implicitly
        init_button();
user\main.c(42): warning:  #223-D: function "Led_toggle" declared implicitly
                        Led_toggle(1);
user\main.c: 3 warnings, 20 errors
".\obj\button.axf" - 50 Error(s), 3 Warning(s).
Target not created
;
user\bsp_led.c(144): error:  #20: identifier "GPIOC" is undefined
                GPIO_PORT_LED4->BSRRH = GPIO_PIN_LED4;
user\bsp_led.c(144): error:  #20: identifier "GPIO_Pin_2" is undefined
                GPIO_PORT_LED4->BSRRH = GPIO_PIN_LED4;
user\bsp_led.c(156): error:  #20: identifier "uint8_t" is undefined
  void bsp_LedOff(uint8_t _no)
user\bsp_led.c(156): error:  #159: declaration is incompatible with previous "bsp_LedOff" (declared at line 95)
  void bsp_LedOff(uint8_t _no)
user\bsp_led.c(162): error:  #20: identifier "GPIOA" is undefined
                GPIO_PORT_LED1->BSRRL = GPIO_PIN_LED1;
user\bsp_led.c(162): error:  #20: identifier "GPIO_Pin_8" is undefined
                GPIO_PORT_LED1->BSRRL = GPIO_PIN_LED1;
user\bsp_led.c(166): error:  #20: identifier "GPIOB" is undefined
                GPIO_PORT_LED2->BSRRL = GPIO_PIN_LED2;
user\bsp_led.c(166): error:  #20: identifier "GPIO_Pin_8" is undefined
                GPIO_PORT_LED2->BSRRL = GPIO_PIN_LED2;
user\bsp_led.c(170): error:  #20: identifier "GPIOF" is undefined
                GPIO_PORT_LED3->BSRRL = GPIO_PIN_LED3;
user\bsp_led.c: 3 warnings, 30 errors
compiling main.c...
user\bsp_key.h(90): error:  #20: identifier "uint16_t" is undefined
        uint16_t LongCount;             /* 长按计数器 */
user\bsp_key.h(91): error:  #20: identifier "uint16_t" is undefined
        uint16_t LongTime;              /* 按键按下持续时间, 0表示不检测长按 */
user\bsp_key.h(167): error:  #20: identifier "uint16_t" is undefined
  void bsp_SetKeyParam(uint8_t _ucKeyID, uint16_t _LongTime, uint8_t  _RepeatSpeed);
user\main.c(29): warning:  #223-D: function "init_uart" declared implicitly
        init_uart();    /* 初始化串口 */
user\main.c(30): warning:  #223-D: function "init_button" declared implicitly
        init_button();
user\main.c(38): warning:  #223-D: function "NVIC_SetPriority" declared implicitly
        NVIC_SetPriority(SysTick_IRQn, NVIC_EncodePriority(NVIC_GetPriorityGrouping(), !ubPreemptionPriorityValue, 0));
user\main.c(38): error:  #20: identifier "SysTick_IRQn" is undefined
        NVIC_SetPriority(SysTick_IRQn, NVIC_EncodePriority(NVIC_GetPriorityGrouping(), !ubPreemptionPriorityValue, 0));
user\main.c(38): warning:  #223-D: function "NVIC_EncodePriority" declared implicitly
        NVIC_SetPriority(SysTick_IRQn, NVIC_EncodePriority(NVIC_GetPriorityGrouping(), !ubPreemptionPriorityValue, 0));
user\main.c(38): warning:  #223-D: function "NVIC_GetPriorityGrouping" declared implicitly
        NVIC_SetPriority(SysTick_IRQn, NVIC_EncodePriority(NVIC_GetPriorityGrouping(), !ubPreemptionPriorityValue, 0));
user\main.c: 5 warnings, 4 errors
".\obj\button.axf" - 64 Error(s), 8 Warning(s).
Target not created
.c(38): error:  #20: identifier "SysTick_IRQn" is undefined
        NVIC_SetPriority(SysTick_IRQn, NVIC_EncodePriority(NVIC_GetPriorityGrouping(), !ubPreemptionPriorityValue, 0));
user\main.c(38): warning:  #223-D: function "NVIC_EncodePriority" declared implicitly
        NVIC_SetPriority(SysTick_IRQn, NVIC_EncodePriority(NVIC_GetPriorityGrouping(), !ubPreemptionPriorityValue, 0));
user\main.c(38): warning:  #223-D: function "NVIC_GetPriorityGrouping" declared implicitly
        NVIC_SetPriority(SysTick_IRQn, NVIC_EncodePriority(NVIC_GetPriorityGrouping(), !ubPreemptionPriorityValue, 0));
user\main.c(38): error:  #20: identifier "ubPreemptionPriorityValue" is undefined
        NVIC_SetPriority(SysTick_IRQn, NVIC_EncodePriority(NVIC_GetPriorityGrouping(), !ubPreemptionPriorityValue, 0));
user\main.c(42): error:  #20: identifier "ubPreemptionOccurred" is undefined
                if(ubPreemptionOccurred != 0)
user\main.c(72): error:  #20: identifier "__IO" is undefined
  void Delay(__IO uint32_t nCount)
user\main.c(72): error:  #18: expected a ")"
  void Delay(__IO uint32_t nCount)
user\main.c(74): error:  #20: identifier "nCount" is undefined
    for(; nCount != 0; nCount--);
user\main.c: 5 warnings, 16 errors
".\obj\button.axf" - 76 Error(s), 8 Warning(s).
Target not created
nt8_t" is undefined
  void bsp_SetKeyParam(uint8_t _ucKeyID, uint16_t _LongTime, uint8_t  _RepeatSpeed);
user\bsp_key.h(167): error:  #20: identifier "uint16_t" is undefined
  void bsp_SetKeyParam(uint8_t _ucKeyID, uint16_t _LongTime, uint8_t  _RepeatSpeed);
user\bsp_key.h(167): error:  #20: identifier "uint8_t" is undefined
  void bsp_SetKeyParam(uint8_t _ucKeyID, uint16_t _LongTime, uint8_t  _RepeatSpeed);
user\main.c(13): error:  #20: identifier "__IO" is undefined
  void Delay(__IO uint32_t nCount);
user\main.c(13): error:  #18: expected a ")"
  void Delay(__IO uint32_t nCount);
user\main.c(15): error:  #20: identifier "__IO" is undefined
  __IO uint8_t ubPreemptionOccurred = 0;
user\main.c(15): error:  #65: expected a ";"
  __IO uint8_t ubPreemptionOccurred = 0;
user\main.c(16): error:  #20: identifier "__IO" is undefined
  __IO uint8_t ubPreemptionPriorityValue = 0;
user\main.c: 0 warnings, 30 errors
".\obj\button.axf" - 90 Error(s), 3 Warning(s).
Target not created
