<html>
<body>
<pre>
<h1>µVision Build Log</h1>
<h2>Project:</h2>
E:\Elink407\ELink407\source\»ù´¡ÊµÑé\project\32_DHT11\MDK\DHT11.uvproj
Project File Date:  04/22/2015

<h2>Output:</h2>
Build target 'DHT11'
compiling stm32f4xx_it.c...
compiling system_stm32f4xx.c...
compiling stm32f4xx_gpio.c...
compiling stm32f4xx_rcc.c...
compiling stm32f4xx_exti.c...
compiling stm32f4xx_syscfg.c...
compiling misc.c...
compiling stm32f4xx_usart.c...
compiling stm32f4xx_fsmc.c...
compiling led.c...
compiling button_noexti.c...
compiling uart.c...
compiling delay.c...
compiling dht11.c...
compiling lcd.c...
compiling main.c...
assembling font_data.s...
compiling font.c...
linking...
Program Size: Code=9492 RO-data=272324 RW-data=44 ZI-data=16388  
FromELF: creating hex file...
".\obj\DHT11.axf" - 0 Error(s), 0 Warning(s).
Clean started: Project: 'DHT11'
   deleting intermediate output files for target 'DHT11'
</pre>
</body>
</html>
ol LCD_DisplayNum (referred from main.o).
Not enough information to list image symbols.
Finished: 1 information, 0 warning and 1 error messages.
".\obj\DHT11.axf" - 1 Error(s), 1 Warning(s).
Target not created
