<html>
<body>
<pre>
<h1>µVision Build Log</h1>
<h2>Project:</h2>
E:\Elink407\ELink407\source\»ù´¡ÊµÑé\project\18_IIC\MDK\project.uvproj
Project File Date:  04/22/2015

<h2>Output:</h2>
Build target 'project'
assembling startup_stm32f40_41xxx.s...
compiling stm32f4xx_it.c...
compiling system_stm32f4xx.c...
compiling stm32f4xx_gpio.c...
compiling stm32f4xx_rcc.c...
compiling stm32f4xx_adc.c...
compiling misc.c...
compiling stm32f4xx_usart.c...
compiling stm32f4xx_i2c.c...
compiling delay.c...
compiling 24C64.c...
compiling uart.c...
compiling main.c...
linking...
Program Size: Code=7284 RO-data=496 RW-data=48 ZI-data=16384  
FromELF: creating hex file...
".\obj\project.axf" - 0 Error(s), 0 Warning(s).
Clean started: Project: 'project'
   deleting intermediate output files for target 'project'
</pre>
</body>
</html>
