<html>
<body>
<pre>
<h1>µVision Build Log</h1>
<h2>Project:</h2>
E:\Elink407\ELink407\source\»ù´¡ÊµÑé\project\16_WWDG\MDK\WWDG.uvproj
Project File Date:  04/21/2015

<h2>Output:</h2>
Build target 'WWDG'
compiling stm32f4xx_it.c...
compiling system_stm32f4xx.c...
assembling startup_stm32f40_41xxx.s...
compiling stm32f4xx_gpio.c...
compiling stm32f4xx_rcc.c...
compiling stm32f4xx_exti.c...
compiling stm32f4xx_syscfg.c...
compiling misc.c...
compiling stm32f4xx_usart.c...
compiling stm32f4xx_iwdg.c...
compiling stm32f4xx_wwdg.c...
compiling led.c...
compiling button_noexti.c...
compiling uart.c...
compiling iwdg.c...
compiling delay.c...
compiling wwdg.c...
compiling main.c...
linking...
Program Size: Code=5764 RO-data=424 RW-data=48 ZI-data=16384  
FromELF: creating hex file...
".\obj\wwdg.axf" - 0 Error(s), 0 Warning(s).
Clean started: Project: 'WWDG'
   deleting intermediate output files for target 'WWDG'
</pre>
</body>
</html>
