<html>
<body>
<pre>
<h1>礦ision Build Log</h1>
<h2>Project:</h2>
E:\Elink407\ELink407\source\基础实验\project\08_buzzer\MDK\buzzer.uvproj
Project File Date:  08/24/2015

<h2>Output:</h2>
Build target 'project'
compiling system_stm32f4xx.c...
assembling startup_stm32f40_41xxx.s...
compiling stm32f4xx_gpio.c...
compiling stm32f4xx_rcc.c...
compiling buzzer.c...
compiling main.c...
linking...
Program Size: Code=3080 RO-data=424 RW-data=36 ZI-data=16388  
FromELF: creating hex file...
".\obj\firstPrj.axf" - 0 Error(s), 0 Warning(s).
Load "E:\\Elink407\\ELink407\\source\\基础实验\\project\\08_buzzer\\MDK\\obj\\firstPrj.axf" 
Erase Done.
Programming Done.
Verify OK.
