<html>
<body>
<pre>
<h1>µVision Build Log</h1>
<h2>Project:</h2>
E:\Elink407\ELink407\source\»ù´¡ÊµÑé\project\07_led\MDK\led.uvproj
Project File Date:  04/21/2015

<h2>Output:</h2>
Build target 'project'
linking...
Program Size: Code=3168 RO-data=424 RW-data=36 ZI-data=16388  
FromELF: creating hex file...
".\obj\project.axf" - 0 Error(s), 0 Warning(s).
Clean started: Project: 'led'
   deleting intermediate output files for target 'project'
E: Undefined symbol TimingDelay_Decrement (referred from stm32f4xx_it.o).
Not enough information to list image symbols.
Finished: 1 information, 0 warning and 1 error messages.
".\obj\project.axf" - 1 Error(s), 0 Warning(s).
Target not created
