<html>
<body>
<pre>
<h1>礦ision Build Log</h1>
<h2>Project:</h2>
E:\Elink407\ELink407\source\基础实验\project\07_led\MDK\led.uvproj
Project File Date:  08/24/2015

<h2>Output:</h2>
Build target 'project'
compiling system_stm32f4xx.c...
linking...
Program Size: Code=3256 RO-data=424 RW-data=36 ZI-data=16388  
FromELF: creating hex file...
".\obj\project.axf" - 0 Error(s), 0 Warning(s).
Load "E:\\Elink407\\ELink407\\source\\基础实验\\project\\07_led\\MDK\\obj\\project.axf" 
Error: Flash Download failed  -  Target DLL has been cancelled
Load "E:\\Elink407\\ELink407\\source\\基础实验\\project\\07_led\\MDK\\obj\\project.axf" 
Error: Flash Download failed  -  Target DLL has been cancelled
Load "E:\\Elink407\\ELink407\\source\\基础实验\\project\\07_led\\MDK\\obj\\project.axf" 
Erase Failed!
Internal command error
Internal command error
Error: Flash Download failed  -  "Cortex-M4"
Load "E:\\Elink407\\ELink407\\source\\基础实验\\project\\07_led\\MDK\\obj\\project.axf" 
Erase Failed!
Internal command error
Internal command error
Error: Flash Download failed  -  "Cortex-M4"
Load "E:\\Elink407\\ELink407\\source\\基础实验\\project\\07_led\\MDK\\obj\\project.axf" 
Erase Done.
Programming Failed!
Error: Flash Download failed  -  "Cortex-M4"
Load "E:\\Elink407\\ELink407\\source\\基础实验\\project\\07_led\\MDK\\obj\\project.axf" 
Erase Failed!
Internal command error
Internal command error
Error: Flash Download failed  -  "Cortex-M4"
Load "E:\\Elink407\\ELink407\\source\\基础实验\\project\\07_led\\MDK\\obj\\project.axf" 
Erase Done.
Programming Done.
Verify OK.
Load "E:\\Elink407\\ELink407\\source\\基础实验\\project\\07_led\\MDK\\obj\\project.axf" 
Erase Failed!
Internal DLL Error
Internal command error
Error: Flash Download failed  -  "Cortex-M4"
Load "E:\\Elink407\\ELink407\\source\\基础实验\\project\\07_led\\MDK\\obj\\project.axf" 
Erase Failed!
Internal DLL Error
Internal command error
Error: Flash Download failed  -  "Cortex-M4"
Load "E:\\Elink407\\ELink407\\source\\基础实验\\project\\07_led\\MDK\\obj\\project.axf" 
Erase Failed!
Internal DLL Error
Internal command error
Error: Flash Download failed  -  "Cortex-M4"
Load "E:\\Elink407\\ELink407\\source\\基础实验\\project\\07_led\\MDK\\obj\\project.axf" 
Erase Failed!
Internal DLL Error
Internal command error
Error: Flash Download failed  -  "Cortex-M4"
Load "E:\\Elink407\\ELink407\\source\\基础实验\\project\\07_led\\MDK\\obj\\project.axf" 
Internal command error
Internal command error
Error: Flash Download failed  -  Target DLL has been cancelled
Load "E:\\Elink407\\ELink407\\source\\基础实验\\project\\07_led\\MDK\\obj\\project.axf" 
Internal command error
Internal command error
Error: Flash Download failed  -  Target DLL has been cancelled
Load "E:\\Elink407\\ELink407\\source\\基础实验\\project\\07_led\\MDK\\obj\\project.axf" 
Erase Failed!
Internal command error
Internal command error
Error: Flash Download failed  -  "Cortex-M4"
Load "E:\\Elink407\\ELink407\\source\\基础实验\\project\\07_led\\MDK\\obj\\project.axf" 
Erase Failed!
Internal DLL Error
Internal command error
Error: Flash Download failed  -  "Cortex-M4"
Load "E:\\Elink407\\ELink407\\source\\基础实验\\project\\07_led\\MDK\\obj\\project.axf" 
Internal command error
Internal command error
Error: Flash Download failed  -  Target DLL has been cancelled
Load "E:\\Elink407\\ELink407\\source\\基础实验\\project\\07_led\\MDK\\obj\\project.axf" 
Internal command error
Internal command error
Error: Flash Download failed  -  Target DLL has been cancelled
Load "E:\\Elink407\\ELink407\\source\\基础实验\\project\\07_led\\MDK\\obj\\project.axf" 
Internal command error
Internal command error
Error: Flash Download failed  -  Target DLL has been cancelled
Load "E:\\Elink407\\ELink407\\source\\基础实验\\project\\07_led\\MDK\\obj\\project.axf" 
Erase Failed!
Internal DLL Error
Internal command error
Error: Flash Download failed  -  "Cortex-M4"
Load "E:\\Elink407\\ELink407\\source\\基础实验\\project\\07_led\\MDK\\obj\\project.axf" 
Error: Flash Download failed  -  Target DLL has been cancelled
Load "E:\\Elink407\\ELink407\\source\\基础实验\\project\\07_led\\MDK\\obj\\project.axf" 
Internal command error
Internal command error
Error: Flash Download failed  -  Target DLL has been cancelled
Load "E:\\Elink407\\ELink407\\source\\基础实验\\project\\07_led\\MDK\\obj\\project.axf" 
Erase Failed!
Internal command error
Internal command error
Error: Flash Download failed  -  "Cortex-M4"
Load "E:\\Elink407\\ELink407\\source\\基础实验\\project\\07_led\\MDK\\obj\\project.axf" 
Erase Failed!
Internal DLL Error
Internal command error
Error: Flash Download failed  -  "Cortex-M4"
Load "E:\\Elink407\\ELink407\\source\\基础实验\\project\\07_led\\MDK\\obj\\project.axf" 
Erase Failed!
Internal DLL Error
Internal command error
Error: Flash Download failed  -  "Cortex-M4"
Load "E:\\Elink407\\ELink407\\source\\基础实验\\project\\07_led\\MDK\\obj\\project.axf" 
Erase Failed!
Internal command error
Internal command error
Error: Flash Download failed  -  "Cortex-M4"
Load "E:\\Elink407\\ELink407\\source\\基础实验\\project\\07_led\\MDK\\obj\\project.axf" 
Erase Done.
Programming Done.
Verify OK.
Load "E:\\Elink407\\ELink407\\source\\基础实验\\project\\07_led\\MDK\\obj\\project.axf" 
Erase Done.
Programming Done.
Verify OK.
</pre>
</body>
</html>
