<html>
<body>
<pre>
<h1>µVision Build Log</h1>
<h2>Project:</h2>
E:\Elink407\ELink407\source\»ù´¡ÊµÑé\project\27_TP_Debug\MDK\tp.uvproj
Project File Date:  08/24/2015

<h2>Output:</h2>
Build target 'tp'
compiling stm32f4xx_it.c...
compiling system_stm32f4xx.c...
assembling startup_stm32f40_41xxx.s...
compiling stm32f4xx_gpio.c...
compiling stm32f4xx_rcc.c...
compiling stm32f4xx_exti.c...
compiling stm32f4xx_syscfg.c...
compiling misc.c...
compiling stm32f4xx_usart.c...
compiling stm32f4xx_fsmc.c...
compiling stm32f4xx_i2c.c...
compiling uart.c...
compiling delay.c...
compiling lcd.c...
compiling IIC.c...
compiling tp.c...
user\tp.c(76): warning:  #177-D: variable "i" was declared but never referenced
      int i;     
user\tp.c: 1 warning, 0 errors
compiling main.c...
compiling tslib.c...
user\tslib.c(116): warning:  #550-D: variable "last_x" was set but never used
        static int last_x = -1, last_y;
user\tslib.c(116): warning:  #550-D: variable "last_y" was set but never used
        static int last_x = -1, last_y;
user\tslib.c(184): warning:  #68-D: integer conversion resulted in a change of sign
                i = -1;
user\tslib.c(213): warning:  #111-D: statement is unreachable
        return i;
user\tslib.c(148): warning:  #177-D: variable "cal_fd" was declared but never referenced
        int cal_fd;
user\tslib.c(150): warning:  #177-D: variable "tsdevice" was declared but never referenced
        char *tsdevice = NULL;
user\tslib.c(151): warning:  #177-D: variable "calfile" was declared but never referenced
        char *calfile = NULL;
user\tslib.c: 7 warnings, 0 errors
compiling font.c...
assembling font_data.s...
linking...
Program Size: Code=17140 RO-data=544 RW-data=64 ZI-data=16384  
FromELF: creating hex file...
".\obj\tp.axf" - 0 Error(s), 8 Warning(s).
Clean started: Project: 'tp'
   deleting intermediate output files for target 'tp'
</pre>
</body>
</html>
